// Jest Snapshot v1, https://goo.gl/fbAQLP

exports[`Pruebas en <MultipleCustomHooks> debe de mostrarse correctamente en el snapshot 1`] = `
<div>
  <h1>
    Breaking Bad Quotes ^_^
  </h1>
  <hr />
  <div
    className="alert alert-info text-center"
  >
    loading...
  </div>
  <button
    className="btn btn-primary"
    onClick={[Function]}
  >
    Siguiente frase
  </button>
</div>
`;
