// Jest Snapshot v1, https://goo.gl/fbAQLP

exports[`Pruebas en <RealRef /> debe mostrarse correctamente  1`] = `
<div>
  <h1>
    RealRef example
  </h1>
  <hr />
  <button
    className="btn btn-primary mt-5"
    onClick={[Function]}
  >
    Show/Hide
  </button>
</div>
`;
